../Core/Src/main.c:93:6:HAL_TIM_IC_CaptureCallback	16	static
../Core/Src/main.c:100:6:HAL_UART_RxCpltCallback	16	static
../Core/Src/main.c:139:9:calculate_crc8	24	static
../Core/Src/main.c:152:6:resetCommand	8	static
../Core/Src/main.c:159:6:runCommand	56	static
../Core/Src/main.c:266:5:main	8	static
../Core/Src/main.c:332:6:SystemClock_Config	72	static
../Core/Src/main.c:369:13:MX_TIM1_Init	80	static
../Core/Src/main.c:436:13:MX_TIM2_Init	56	static
../Core/Src/main.c:483:13:MX_TIM3_Init	56	static
../Core/Src/main.c:530:13:MX_USART1_UART_Init	8	static
../Core/Src/main.c:561:13:MX_GPIO_Init	40	static
../Core/Src/main.c:594:6:Error_Handler	4	static,ignoring_inline_asm
