../Core/Src/main.c:93:6:HAL_TIM_IC_CaptureCallback	16	static
../Core/Src/main.c:100:6:HAL_UART_RxCpltCallback	16	static
../Core/Src/main.c:139:6:resetCommand	8	static
../Core/Src/main.c:146:6:runCommand	56	static
../Core/Src/main.c:239:5:main	8	static
../Core/Src/main.c:305:6:SystemClock_Config	72	static
../Core/Src/main.c:342:13:MX_TIM1_Init	80	static
../Core/Src/main.c:409:13:MX_TIM2_Init	56	static
../Core/Src/main.c:456:13:MX_TIM3_Init	56	static
../Core/Src/main.c:503:13:MX_USART1_UART_Init	8	static
../Core/Src/main.c:534:13:MX_GPIO_Init	40	static
../Core/Src/main.c:567:6:Error_Handler	4	static,ignoring_inline_asm
